{
  "expected_scc": [
    "2"
  ],
  "time_seconds": 8.291041012853384e-06,
  "meta": {
    "n": 3,
    "p": 0.33
  }
}