{
  "expected_scc": [
    "0",
    "1",
    "2",
    "3",
    "4",
    "5",
    "6",
    "7",
    "8",
    "9"
  ],
  "time_seconds": 3.0709023121744394e-05,
  "meta": {
    "n": 10,
    "p": 0.85
  }
}