{
  "expected_scc": [
    "9"
  ],
  "time_seconds": 1.0000017937272787e-05,
  "meta": {
    "n": 10,
    "p": 0.2
  }
}