{
  "expected_scc": [
    "0",
    "1",
    "2",
    "3",
    "4"
  ],
  "time_seconds": 9.542040061205626e-06,
  "meta": {
    "n": 5,
    "p": 0.6
  }
}