{
  "expected_scc": [],
  "time_seconds": 3.7497375160455704e-07,
  "meta": {
    "n": 0,
    "p": 0.0
  }
}