{
  "expected_scc": [
    "0",
    "3",
    "4",
    "5",
    "6",
    "7"
  ],
  "time_seconds": 1.4457968063652515e-05,
  "meta": {
    "n": 10,
    "p": 0.2
  }
}