{
  "expected_scc": [
    "4",
    "9"
  ],
  "time_seconds": 1.775001874193549e-05,
  "meta": {
    "n": 10,
    "p": 0.2
  }
}