{
  "expected_scc": [
    "0",
    "1",
    "10",
    "11",
    "12",
    "13",
    "14",
    "2",
    "3",
    "4",
    "5",
    "6",
    "7",
    "8",
    "9"
  ],
  "time_seconds": 5.295901792123914e-05,
  "meta": {
    "n": 15,
    "p": 0.85
  }
}