{
  "expected_scc": [
    "0",
    "1",
    "2",
    "3",
    "4",
    "5",
    "6",
    "7",
    "8",
    "9"
  ],
  "time_seconds": 2.358399797230959e-05,
  "meta": {
    "n": 10,
    "p": 0.6
  }
}